// Jest Snapshot v1, https://goo.gl/fbAQLP

exports[`expect to render Header component - using jest snapshot 1`] = `
<h1
  className="f2"
>
  Robofriends
</h1>
`;
