// Jest Snapshot v1, https://goo.gl/fbAQLP

exports[`expect to render Scroll component - using jest snapshot 1`] = `
<div
  style={
    Object {
      "border": "5px solid black",
      "height": "600px",
      "overflowY": "scroll",
    }
  }
>
  <div>
    Mock
  </div>
</div>
`;
